CLASS[3,1]
ID(Test2)[3,7]
LBRACE[3,13]
TYPE_INT[4,5]
ID(compute)[4,9]
LPAREN[4,16]
TYPE_INT[4,17]
ID(a)[4,21]
COMMA[4,22]
TYPE_INT[4,24]
ID(b)[4,28]
RPAREN[4,29]
LBRACE[4,31]
RETURN[6,9]
ID(a)[6,16]
PLUS[6,18]
ID(b)[6,20]
TIMES[6,22]
LPAREN[6,24]
INT(2)[6,25]
MINUS[6,27]
INT(1)[6,29]
RPAREN[6,30]
DIVIDE[6,32]
INT(4)[6,34]
SEMICOLON[6,35]
RBRACE[7,5]
RBRACE[8,1]