DIVIDE[1,1]
DIVIDE[1,2]
ID(is)[1,4]
ID(this)[1,7]
ID(a)[1,12]
ID(comment)[1,14]