ID(ident)[3,1]
ID(ident2)[4,29]
ID(thing)[9,42]
TIMES[9,48]
DIVIDE[9,49]
