ID(ident)[1,1]
ID(Ident)[1,7]
ID(ident1)[1,13]
ID(Ident2)[1,20]
CLASS[2,1]
NIL[2,7]
ARRAY[2,11]
WHILE[2,17]
TYPE_INT[2,23]
EXTENDS[2,27]
RETURN[2,35]
NEW[2,42]
IF[2,46]
TYPE_STRING[2,49]
TYPE_VOID[3,1]
LPAREN[4,1]
RPAREN[4,3]
LBRACK[4,5]
RBRACK[4,7]
LBRACE[4,9]
RBRACE[4,11]
PLUS[5,1]
MINUS[5,3]
TIMES[5,5]
DIVIDE[5,7]
COMMA[6,1]
DOT[6,3]
SEMICOLON[6,5]
ASSIGN[7,1]
EQ[7,4]
LT[7,6]
GT[7,8]
ID(ident)[14,21]
