ID(classic)[1,1]
ID(manila)[1,9]
ID(renew)[1,16]
ID(intarray)[2,1]
