INT(0)[1,1]
INT(1)[1,3]
INT(123)[1,5]
INT(32767)[1,9]
MINUS[2,1]
INT(1)[2,2]
