TYPE_INT[1,1]
ID(a)[1,5]
TIMES[1,7]
DIVIDE[1,8]
