STRING("aaaaa")[1,1]
STRING("abcdefghijklmnopqrstuvwxyz")[1,9]
STRING("AaAaAa")[2,1]
